========================================
Time: 2026-05-01 21:44:19
To: eljohn.luar04@gmail.com
Subject: Your Login Authentication Code
Body:

                <h2>Smart Attendance Login Code</h2>
                <p>Hi <strong>Eljohn Rebaño</strong>,</p>
                <p>Your authentication code is:</p>
                <h1 style='letter-spacing: 4px; color: #ff69b4;'>959187</h1>
                <p>This code will expire in 5 minutes.</p>
                <p>If you did not attempt to login, you can ignore this email.</p>
            
========================================

========================================
Time: 2026-05-02 09:57:08
To: eljohn.luar04@gmail.com
Subject: Your Login Authentication Code
Body:

                <h2>Smart Attendance Login Code</h2>
                <p>Hi <strong>Eljohn Rebaño</strong>,</p>
                <p>Your authentication code is:</p>
                <h1 style='letter-spacing: 4px; color: #ff69b4;'>298311</h1>
                <p>This code will expire in 5 minutes.</p>
                <p>If you did not attempt to login, you can ignore this email.</p>
            
========================================

========================================
Time: 2026-05-02 13:23:08
To: eljohn.luar04@gmail.com
Subject: Your Login Authentication Code
Body:

                <h2>Smart Attendance Login Code</h2>
                <p>Hi <strong>Eljohn Rebaño</strong>,</p>
                <p>Your authentication code is:</p>
                <h1 style='letter-spacing: 4px; color: #ff69b4;'>523313</h1>
                <p>This code will expire in 5 minutes.</p>
                <p>If you did not attempt to login, you can ignore this email.</p>
            
========================================

